Component: ARM Compiler 5.06 update 6 (build 750) Tool: armlink [4d35ed]

==============================================================================

Section Cross References

    main.o(.text) refers to delay.o(.text) for delay_ms
    main.o(.text) refers to stm32f4xx_gpio.o(.text) for GPIO_ReadInputDataBit
    main.o(.text) refers to uartx.o(.text) for USARTSend
    main.o(.text) refers to mainuart.o(.text) for UsartTxQueueDoNext
    main.o(.text) refers to os_task.o(.text) for OS_TaskSuspend
    main.o(.text) refers to tim3.o(.text) for ReadClock1ms
    main.o(.text) refers to lan8720.o(.text) for Eth_Link_query
    main.o(.text) refers to cpu_core.o(.text) for CPU_Init
    main.o(.text) refers to os_core.o(.text) for OSSchedRoundRobinCfg
    main.o(.text) refers to os_sem.o(.text) for OSSemCreate
    main.o(.text) refers to os_tmr.o(.text) for OSTmrCreate
    main.o(.text) refers to cpu_a.o(.text) for CPU_SR_Save
    main.o(.text) refers to misc.o(.text) for NVIC_PriorityGroupConfig
    main.o(.text) refers to sysdef.o(.emb_text) for INTX_DISABLE
    main.o(.text) refers to cdv_config.o(.text) for PeriphDriverInit
    main.o(.text) refers to flash.o(.text) for SPI_Flash_Read
    main.o(.text) refers to strncmp.o(.text) for strncmp
    main.o(.text) refers to iap.o(.text) for StartMenu
    main.o(.text) refers to lwip_comm.o(.text) for LwIP_Init
    main.o(.text) refers to tcp_server.o(.text) for tcp_server_init
    main.o(.text) refers to httpserver.o(.text) for IAP_httpd_init
    main.o(.text) refers to iox.o(.bss) for g_dipSW
    main.o(.text) refers to mainuart.o(.bss) for g_uartTx
    main.o(.text) refers to cdv_define.o(.bss) for UsartSendTaskTCB
    main.o(.text) refers to cdv_define.o(.data) for tm1Re
    main.o(.text) refers to mainuart.o(.data) for g_olCache
    main.o(.text) refers to main.o(.bss) for USART_TASK_STK
    main.o(.text) refers to tcp_server.o(.data) for g_ota_ipaddr
    cdv_config.o(.text) refers to _printf_percent.o(.ARM.Collect$$_printf_percent$$00000000) for _printf_percent
    cdv_config.o(.text) refers to _printf_d.o(.ARM.Collect$$_printf_percent$$00000009) for _printf_d
    cdv_config.o(.text) refers to _printf_s.o(.ARM.Collect$$_printf_percent$$00000014) for _printf_s
    cdv_config.o(.text) refers to _printf_dec.o(.text) for _printf_int_dec
    cdv_config.o(.text) refers to _printf_str.o(.text) for _printf_str
    cdv_config.o(.text) refers to dac.o(.text) for Dac1_Init
    cdv_config.o(.text) refers to iox.o(.text) for GPIO_Configuration
    cdv_config.o(.text) refers to spix.o(.text) for SPI_Configuration
    cdv_config.o(.text) refers to uartx.o(.text) for USART_Configuration
    cdv_config.o(.text) refers to tim3.o(.text) for TIM3_Init
    cdv_config.o(.text) refers to 74hc595.o(.text) for PinConfig74HC595
    cdv_config.o(.text) refers to malloc.o(.text) for mymem_init
    cdv_config.o(.text) refers to log.o(.text) for Log_Write
    cdv_config.o(.text) refers to os_sem.o(.text) for OSSemPend
    cdv_config.o(.text) refers to h1_free.o(.text) for free
    cdv_config.o(.text) refers to h1_alloc.o(.text) for malloc
    cdv_config.o(.text) refers to rt_memclr_w.o(.text) for __aeabi_memclr4
    cdv_config.o(.text) refers to noretval__2sprintf.o(.text) for __2sprintf
    cdv_config.o(.text) refers to strlen.o(.text) for strlen
    cdv_config.o(.text) refers to cdv_define.o(.data) for g_cdvStat
    cdv_config.o(.text) refers to cdv_define.o(.bss) for MEM_SEM
    cdv_define.o(.text) refers to cdv_config.o(.text) for DelMemory
    cdv_define.o(.text) refers to rt_memclr_w.o(.text) for __aeabi_memclr4
    mainuart.o(.text) refers to _printf_percent.o(.ARM.Collect$$_printf_percent$$00000000) for _printf_percent
    mainuart.o(.text) refers to _printf_x.o(.ARM.Collect$$_printf_percent$$0000000C) for _printf_x
    mainuart.o(.text) refers to _printf_hex_int.o(.text) for _printf_longlong_hex
    mainuart.o(.text) refers to _printf_d.o(.ARM.Collect$$_printf_percent$$00000009) for _printf_d
    mainuart.o(.text) refers to _printf_dec.o(.text) for _printf_int_dec
    mainuart.o(.text) refers to cdv_config.o(.text) for NewError
    mainuart.o(.text) refers to os_sem.o(.text) for OSSemPend
    mainuart.o(.text) refers to rt_memcpy_v6.o(.text) for __aeabi_memcpy
    mainuart.o(.text) refers to os_task.o(.text) for OSTaskResume
    mainuart.o(.text) refers to tcp_server.o(.text) for TCP_ServerSend
    mainuart.o(.text) refers to uartx.o(.text) for USARTSend
    mainuart.o(.text) refers to rt_memclr_w.o(.text) for __aeabi_memclr4
    mainuart.o(.text) refers to noretval__2sprintf.o(.text) for __2sprintf
    mainuart.o(.text) refers to strlen.o(.text) for strlen
    mainuart.o(.text) refers to iap.o(.text) for CentralizedControl_Ctrl
    mainuart.o(.text) refers to strchr.o(.text) for strchr
    mainuart.o(.text) refers to atoi.o(.text) for atoi
    mainuart.o(.text) refers to strncmp.o(.text) for strncmp
    mainuart.o(.text) refers to 74hc595.o(.text) for WriteToInLed
[...]
    netbuf_new                               0x0801397d   Thumb Code    30  netbuf.o(.text)
    netbuf_delete                            0x0801399b   Thumb Code    32  netbuf.o(.text)
    netbuf_alloc                             0x080139bb   Thumb Code    60  netbuf.o(.text)
    netbuf_free                              0x080139f7   Thumb Code    32  netbuf.o(.text)
    netbuf_ref                               0x08013a17   Thumb Code    74  netbuf.o(.text)
    netbuf_chain                             0x08013a61   Thumb Code    46  netbuf.o(.text)
    netbuf_data                              0x08013a8f   Thumb Code    64  netbuf.o(.text)
    netbuf_next                              0x08013acf   Thumb Code    46  netbuf.o(.text)
    netbuf_first                             0x08013afd   Thumb Code    16  netbuf.o(.text)
    tcpip_input                              0x08013bc7   Thumb Code    72  tcpip.o(.text)
    tcpip_callback_with_block                0x08013c0f   Thumb Code    90  tcpip.o(.text)
    tcpip_timeout                            0x08013c69   Thumb Code    64  tcpip.o(.text)
    tcpip_untimeout                          0x08013ca9   Thumb Code    56  tcpip.o(.text)
    tcpip_apimsg                             0x08013ce1   Thumb Code    56  tcpip.o(.text)
    tcpip_callbackmsg_new                    0x08013d19   Thumb Code    32  tcpip.o(.text)
    tcpip_callbackmsg_delete                 0x08013d39   Thumb Code    14  tcpip.o(.text)
    tcpip_trycallback                        0x08013d47   Thumb Code    28  tcpip.o(.text)
    tcpip_init                               0x08013d63   Thumb Code    52  tcpip.o(.text)
    pbuf_free_callback                       0x08013da5   Thumb Code    16  tcpip.o(.text)
    mem_free_callback                        0x08013db5   Thumb Code    16  tcpip.o(.text)
    lwip_htons                               0x08013ded   Thumb Code    12  def.o(.text)
    lwip_ntohs                               0x08013df9   Thumb Code    12  def.o(.text)
    lwip_htonl                               0x08013e05   Thumb Code    26  def.o(.text)
    lwip_ntohl                               0x08013e1f   Thumb Code    12  def.o(.text)
    lwip_init                                0x08013e2b   Thumb Code    32  init.o(.text)
    mem_init                                 0x08013ec9   Thumb Code    92  mem.o(.text)
    mem_free                                 0x08013f25   Thumb Code    94  mem.o(.text)
    mem_trim                                 0x08013f83   Thumb Code   284  mem.o(.text)
    mem_malloc                               0x0801409f   Thumb Code   260  mem.o(.text)
    mem_calloc                               0x080141a3   Thumb Code    34  mem.o(.text)
    memp_get_memorysize                      0x080141d9   Thumb Code     8  memp.o(.text)
    memp_init                                0x080141e1   Thumb Code    82  memp.o(.text)
    memp_malloc                              0x08014233   Thumb Code    54  memp.o(.text)
    memp_free                                0x08014269   Thumb Code    50  memp.o(.text)
    netif_init                               0x080142ad   Thumb Code     2  netif.o(.text)
    netif_set_gw                             0x080142af   Thumb Code    12  netif.o(.text)
    netif_set_netmask                        0x080142bb   Thumb Code    12  netif.o(.text)
    netif_set_ipaddr                         0x080142c7   Thumb Code   110  netif.o(.text)
    netif_set_addr                           0x08014335   Thumb Code    40  netif.o(.text)
    netif_add                                0x0801435d   Thumb Code   102  netif.o(.text)
    netif_set_default                        0x080143c3   Thumb Code     6  netif.o(.text)
    netif_set_down                           0x080143c9   Thumb Code    42  netif.o(.text)
    netif_remove                             0x080143f3   Thumb Code    90  netif.o(.text)
    netif_find                               0x0801444d   Thumb Code    64  netif.o(.text)
    netif_set_up                             0x0801448d   Thumb Code    54  netif.o(.text)
    netif_set_link_up                        0x080144c3   Thumb Code    68  netif.o(.text)
    netif_set_link_down                      0x08014507   Thumb Code    42  netif.o(.text)
    netif_set_link_callback                  0x08014531   Thumb Code     6  netif.o(.text)
    pbuf_free                                0x0801454d   Thumb Code   146  pbuf.o(.text)
    pbuf_alloc                               0x080145df   Thumb Code   402  pbuf.o(.text)
    pbuf_alloced_custom                      0x08014771   Thumb Code   108  pbuf.o(.text)
    pbuf_realloc                             0x080147dd   Thumb Code   120  pbuf.o(.text)
    pbuf_header                              0x08014855   Thumb Code   126  pbuf.o(.text)
    pbuf_clen                                0x080148d3   Thumb Code    18  pbuf.o(.text)
    pbuf_ref                                 0x080148e5   Thumb Code    26  pbuf.o(.text)
    pbuf_cat                                 0x080148ff   Thumb Code    56  pbuf.o(.text)
    pbuf_chain                               0x08014937   Thumb Code    22  pbuf.o(.text)
    pbuf_dechain                             0x0801494d   Thumb Code    56  pbuf.o(.text)
    pbuf_copy                                0x08014985   Thumb Code   192  pbuf.o(.text)
    pbuf_copy_partial                        0x08014a45   Thumb Code   146  pbuf.o(.text)
    pbuf_take                                0x08014ad7   Thumb Code   116  pbuf.o(.text)
    pbuf_coalesce                            0x08014b4b   Thumb Code    60  pbuf.o(.text)
    pbuf_get_at                              0x08014b87   Thumb Code    46  pbuf.o(.text)
    pbuf_memcmp                              0x08014bb5   Thumb Code    96  pbuf.o(.text)
    pbuf_memfind                             0x08014c15   Thumb Code    76  pbuf.o(.text)
    pbuf_strstr                              0x08014c61   Thumb Code    60  pbuf.o(.text)
    raw_input                                0x08014c9d   Thumb Code   102  raw.o(.text)
    raw_bind                                 0x08014d03   Thumb Code    16  raw.o(.text)
    raw_connect                              0x08014d13   Thumb Code    16  raw.o(.text)
    raw_recv                                 0x08014d23   Thumb Code     6  raw.o(.text)
    raw_sendto                               0x08014d29   Thumb Code   158  raw.o(.text)
    raw_send                                 0x08014dc7   Thumb Code    18  raw.o(.text)
    raw_remove                               0x08014dd9   Thumb Code    60  raw.o(.text)
    raw_new                                  0x08014e15   Thumb Code    42  raw.o(.text)
    tcp_init                                 0x08014e4d   Thumb Code     2  tcp.o(.text)
    tcp_seg_free                             0x08014e4f   Thumb Code    26  tcp.o(.text)
    tcp_segs_free                            0x08014e69   Thumb Code    24  tcp.o(.text)
    tcp_pcb_purge                            0x08014e81   Thumb Code    64  tcp.o(.text)
    tcp_slowtmr                              0x08014ec1   Thumb Code   784  tcp.o(.text)
    tcp_pcb_remove                           0x080151d1   Thumb Code   140  tcp.o(.text)
    tcp_close                                0x0801542f   Thumb Code    28  tcp.o(.text)
    tcp_update_rcv_ann_wnd                   0x0801544b   Thumb Code    78  tcp.o(.text)
    tcp_recved                               0x08015499   Thumb Code    70  tcp.o(.text)
    tcp_recv_null                            0x080154df   Thumb Code    46  tcp.o(.text)
    tcp_process_refused_data                 0x0801550d   Thumb Code   140  tcp.o(.text)
    tcp_fasttmr                              0x08015599   Thumb Code   110  tcp.o(.text)
    tcp_tmr                                  0x08015607   Thumb Code    30  tcp.o(.text)
    tcp_shutdown                             0x08015625   Thumb Code    98  tcp.o(.text)
    tcp_abandon                              0x08015687   Thumb Code   172  tcp.o(.text)
    tcp_abort                                0x08015733   Thumb Code    14  tcp.o(.text)
    tcp_bind                                 0x080157a1   Thumb Code   142  tcp.o(.text)
    tcp_listen_with_backlog                  0x08015837   Thumb Code   198  tcp.o(.text)
    tcp_eff_send_mss                         0x080158fd   Thumb Code    46  tcp.o(.text)
    tcp_next_iss                             0x0801592b   Thumb Code    20  tcp.o(.text)
    tcp_connect                              0x0801593f   Thumb Code   324  tcp.o(.text)
    tcp_setprio                              0x08015a83   Thumb Code     4  tcp.o(.text)
    tcp_alloc                                0x08015b05   Thumb Code   232  tcp.o(.text)
    tcp_new                                  0x08015bed   Thumb Code    10  tcp.o(.text)
    tcp_arg                                  0x08015bf7   Thumb Code     4  tcp.o(.text)
    tcp_recv                                 0x08015bfb   Thumb Code     8  tcp.o(.text)
    tcp_sent                                 0x08015c03   Thumb Code     8  tcp.o(.text)
    tcp_err                                  0x08015c0b   Thumb Code    10  tcp.o(.text)
    tcp_accept                               0x08015c15   Thumb Code     4  tcp.o(.text)
    tcp_poll                                 0x08015c19   Thumb Code    14  tcp.o(.text)
    tcp_debug_state_str                      0x08015c27   Thumb Code    10  tcp.o(.text)
    tcp_input                                0x08016a45   Thumb Code  1136  tcp_in.o(.text)
    tcp_enqueue_flags                        0x08017001   Thumb Code   272  tcp_out.o(.text)
    tcp_send_fin                             0x08017111   Thumb Code    74  tcp_out.o(.text)
    tcp_write                                0x08017243   Thumb Code   900  tcp_out.o(.text)
    tcp_send_empty_ack                       0x080175c7   Thumb Code    78  tcp_out.o(.text)
    tcp_output                               0x080176df   Thumb Code   444  tcp_out.o(.text)
    tcp_rst                                  0x0801789b   Thumb Code   124  tcp_out.o(.text)
    tcp_rexmit_rto                           0x08017917   Thumb Code    58  tcp_out.o(.text)
    tcp_rexmit                               0x08017951   Thumb Code    90  tcp_out.o(.text)
    tcp_rexmit_fast                          0x080179ab   Thumb Code   112  tcp_out.o(.text)
    tcp_keepalive                            0x08017a1b   Thumb Code    68  tcp_out.o(.text)
    tcp_zero_window_probe                    0x08017a5f   Thumb Code   172  tcp_out.o(.text)
    sys_timeout                              0x08017b0d   Thumb Code   152  timers.o(.text)
    tcp_timer_needed                         0x08017bcd   Thumb Code    38  timers.o(.text)
    sys_timeouts_init                        0x08017c1f   Thumb Code    28  timers.o(.text)
    sys_untimeout                            0x08017c3b   Thumb Code    90  timers.o(.text)
    sys_timeouts_mbox_fetch                  0x08017c95   Thumb Code   132  timers.o(.text)
    udp_init                                 0x08017d35   Thumb Code     2  udp.o(.text)
    udp_input                                0x08017d87   Thumb Code   392  udp.o(.text)
    udp_bind                                 0x08017f0f   Thumb Code   122  udp.o(.text)
    udp_sendto_if                            0x08017f89   Thumb Code   206  udp.o(.text)
    udp_sendto                               0x08018057   Thumb Code    46  udp.o(.text)
    udp_send                                 0x08018085   Thumb Code    20  udp.o(.text)
    udp_connect                              0x08018099   Thumb Code    94  udp.o(.text)
    udp_disconnect                           0x080180f7   Thumb Code    16  udp.o(.text)
    udp_recv                                 0x08018107   Thumb Code     6  udp.o(.text)
    udp_remove                               0x0801810d   Thumb Code    76  udp.o(.text)
    udp_new                                  0x08018159   Thumb Code    28  udp.o(.text)
    icmp_input                               0x08018179   Thumb Code   340  icmp.o(.text)
    icmp_dest_unreach                        0x0801833d   Thumb Code    18  icmp.o(.text)
    icmp_time_exceeded                       0x0801834f   Thumb Code    18  icmp.o(.text)
    inet_chksum_pseudo                       0x080183c7   Thumb Code   162  inet_chksum.o(.text)
    inet_chksum_pseudo_partial               0x08018469   Thumb Code   184  inet_chksum.o(.text)
    inet_chksum                              0x08018521   Thumb Code    20  inet_chksum.o(.text)
    inet_chksum_pbuf                         0x08018535   Thumb Code    86  inet_chksum.o(.text)
    ip_route                                 0x0801858d   Thumb Code    76  ip.o(.text)
    ip_input                                 0x080185d9   Thumb Code   376  ip.o(.text)
    ip_output_if                             0x08018751   Thumb Code   192  ip.o(.text)
    ip_output                                0x08018811   Thumb Code    56  ip.o(.text)
    ip4_addr_isbroadcast                     0x08018865   Thumb Code    78  ip_addr.o(.text)
    ip4_addr_netmask_valid                   0x080188b3   Thumb Code    56  ip_addr.o(.text)
    ipaddr_aton                              0x080188eb   Thumb Code   348  ip_addr.o(.text)
    ipaddr_addr                              0x08018a47   Thumb Code    24  ip_addr.o(.text)
    ipaddr_ntoa_r                            0x08018a5f   Thumb Code   168  ip_addr.o(.text)
    ipaddr_ntoa                              0x08018b07   Thumb Code    16  ip_addr.o(.text)
    ip_reass_tmr                             0x08018be1   Thumb Code    48  ip_frag.o(.text)
    ip_reass                                 0x08018e37   Thumb Code   396  ip_frag.o(.text)
    ip_frag                                  0x08018fff   Thumb Code   424  ip_frag.o(.text)
    lwip_pkt_handle                          0x080191b1   Thumb Code    10  lwip_comm.o(.text)
    lwip_comm_mem_free                       0x080191bb   Thumb Code    12  lwip_comm.o(.text)
    lwip_comm_mem_malloc                     0x080191c7   Thumb Code    50  lwip_comm.o(.text)
    lwip_comm_default_ip_set                 0x080191f9   Thumb Code   158  lwip_comm.o(.text)
    lwip_comm_init                           0x08019297   Thumb Code   218  lwip_comm.o(.text)
    LwIP_Init                                0x08019371   Thumb Code   224  lwip_comm.o(.text)
    __rt_ctype_table                         0x08019499   Thumb Code    16  rt_ctype_table.o(.text)
    malloc                                   0x080194a9   Thumb Code    94  h1_alloc.o(.text)
    free                                     0x08019507   Thumb Code    78  h1_free.o(.text)
    __aeabi_uldivmod                         0x08019555   Thumb Code     0  lludivv7m.o(.text)
    _ll_udiv                                 0x08019555   Thumb Code   238  lludivv7m.o(.text)
    __2sprintf                               0x08019645   Thumb Code    34  noretval__2sprintf.o(.text)
    _printf_pre_padding                      0x0801966d   Thumb Code    44  _printf_pad.o(.text)
    _printf_post_padding                     0x08019699   Thumb Code    34  _printf_pad.o(.text)
    _printf_str                              0x080196bb   Thumb Code    82  _printf_str.o(.text)
    _printf_int_dec                          0x0801970d   Thumb Code   104  _printf_dec.o(.text)
    _printf_int_hex                          0x08019785   Thumb Code    84  _printf_hex_int.o(.text)
    _printf_longlong_hex                     0x08019785   Thumb Code     0  _printf_hex_int.o(.text)
    __printf                                 0x080197dd   Thumb Code   308  __printf_flags_wp.o(.text)
    atoi                                     0x08019915   Thumb Code    26  atoi.o(.text)
    strchr                                   0x0801992f   Thumb Code    20  strchr.o(.text)
    strstr                                   0x08019943   Thumb Code    36  strstr.o(.text)
    memcmp                                   0x08019967   Thumb Code    88  memcmp.o(.text)
    strlen                                   0x080199bf   Thumb Code    62  strlen.o(.text)
    strncmp                                  0x080199fd   Thumb Code   150  strncmp.o(.text)
    __aeabi_memcpy                           0x08019a93   Thumb Code     0  rt_memcpy_v6.o(.text)
    __rt_memcpy                              0x08019a93   Thumb Code   138  rt_memcpy_v6.o(.text)
    _memcpy_lastbytes                        0x08019af9   Thumb Code     0  rt_memcpy_v6.o(.text)
    __aeabi_memcpy4                          0x08019b1d   Thumb Code     0  rt_memcpy_w.o(.text)
    __aeabi_memcpy8                          0x08019b1d   Thumb Code     0  rt_memcpy_w.o(.text)
    __rt_memcpy_w                            0x08019b1d   Thumb Code   100  rt_memcpy_w.o(.text)
    _memcpy_lastbytes_aligned                0x08019b65   Thumb Code     0  rt_memcpy_w.o(.text)
    __aeabi_memset                           0x08019b81   Thumb Code    16  aeabi_memset.o(.text)
    __aeabi_memclr                           0x08019b91   Thumb Code     0  rt_memclr.o(.text)
    __rt_memclr                              0x08019b91   Thumb Code    68  rt_memclr.o(.text)
    _memset                                  0x08019b95   Thumb Code     0  rt_memclr.o(.text)
    __aeabi_memclr4                          0x08019bd5   Thumb Code     0  rt_memclr_w.o(.text)
    __aeabi_memclr8                          0x08019bd5   Thumb Code     0  rt_memclr_w.o(.text)
    __rt_memclr_w                            0x08019bd5   Thumb Code    78  rt_memclr_w.o(.text)
    _memset_w                                0x08019bd9   Thumb Code     0  rt_memclr_w.o(.text)
    strcmp                                   0x08019c25   Thumb Code   128  strcmpv7m.o(.text)
    __use_two_region_memory                  0x08019ca5   Thumb Code     2  heapauxi.o(.text)
    __rt_heap_escrow                         0x08019ca7   Thumb Code     2  heapauxi.o(.text)
    __rt_heap_expand                         0x08019ca9   Thumb Code     2  heapauxi.o(.text)
    __rt_heap_descriptor                     0x08019cad   Thumb Code     8  rt_heap_descriptor_intlibspace.o(.text)
    __rt_locale                              0x08019cb5   Thumb Code     8  rt_locale_intlibspace.o(.text)
    __aeabi_errno_addr                       0x08019cbd   Thumb Code     8  rt_errno_addr_intlibspace.o(.text)
    __errno$intlibspace                      0x08019cbd   Thumb Code     0  rt_errno_addr_intlibspace.o(.text)
    __rt_errno_addr$intlibspace              0x08019cbd   Thumb Code     0  rt_errno_addr_intlibspace.o(.text)
    __use_no_heap                            0x08019cc5   Thumb Code     2  hguard.o(.text)
    __heap$guard                             0x08019cc7   Thumb Code     2  hguard.o(.text)
    _terminate_user_alloc                    0x08019cc9   Thumb Code     2  init_alloc.o(.text)
    _init_user_alloc                         0x08019ccb   Thumb Code     2  init_alloc.o(.text)
    __Heap_Full                              0x08019ccd   Thumb Code    34  init_alloc.o(.text)
    __Heap_Broken                            0x08019cef   Thumb Code     6  init_alloc.o(.text)
    _init_alloc                              0x08019cf5   Thumb Code    94  init_alloc.o(.text)
    __Heap_Initialize                        0x08019d53   Thumb Code    10  h1_init.o(.text)
    __Heap_DescSize                          0x08019d5d   Thumb Code     4  h1_init.o(.text)
    _printf_int_common                       0x08019d61   Thumb Code   178  _printf_intcommon.o(.text)
    _printf_char_common                      0x08019e1f   Thumb Code    32  _printf_char_common.o(.text)
    _sputc                                   0x08019e45   Thumb Code    10  _sputc.o(.text)
    _printf_cs_common                        0x08019e4f   Thumb Code    20  _printf_char.o(.text)
    _printf_char                             0x08019e63   Thumb Code    16  _printf_char.o(.text)
    _printf_string                           0x08019e73   Thumb Code     8  _printf_char.o(.text)
    strtol                                   0x08019e7b   Thumb Code   112  strtol.o(.text)
    __user_libspace                          0x08019eed   Thumb Code     8  libspace.o(.text)
    __user_perproc_libspace                  0x08019eed   Thumb Code     0  libspace.o(.text)
    __user_perthread_libspace                0x08019eed   Thumb Code     0  libspace.o(.text)
    __Heap_ProvideMemory                     0x08019ef5   Thumb Code    52  h1_extend.o(.text)
    _strtoul                                 0x08019f29   Thumb Code   158  _strtoul.o(.text)
    __rt_SIGRTMEM                            0x08019fc7   Thumb Code    14  defsig_rtmem_outer.o(.text)
    __I$use$semihosting                      0x08019fd5   Thumb Code     0  use_no_semi.o(.text)
    __use_no_semihosting_swi                 0x08019fd5   Thumb Code     2  use_no_semi.o(.text)
    __semihosting_library_function           0x08019fd7   Thumb Code     0  indicate_semi.o(.text)
    __user_setup_stackheap                   0x08019fd7   Thumb Code    74  sys_stackheap_outer.o(.text)
    _chval                                   0x0801a021   Thumb Code    28  _chval.o(.text)
    exit                                     0x0801a03d   Thumb Code    18  exit.o(.text)
    __sig_exit                               0x0801a04f   Thumb Code    10  defsig_exit.o(.text)
    __rt_SIGRTMEM_inner                      0x0801a059   Thumb Code    22  defsig_rtmem_inner.o(.text)
    _sys_exit                                0x0801a0a9   Thumb Code     8  sys_exit.o(.text)
    __default_signal_display                 0x0801a0b5   Thumb Code    50  defsig_general.o(.text)
    _ttywrch                                 0x0801a0e7   Thumb Code    14  sys_wrch.o(.text)
    OSStartHighRdy                           0x0801a0f5   Thumb Code     0  os_cpu_a.o(CODE)
    OSCtxSw                                  0x0801a117   Thumb Code     0  os_cpu_a.o(CODE)
    OSIntCtxSw                               0x0801a121   Thumb Code     0  os_cpu_a.o(CODE)
    PendSV_Handler                           0x0801a12b   Thumb Code     0  os_cpu_a.o(CODE)
    _is_digit                                0x0801a18d   Thumb Code    14  __printf_wp.o(i._is_digit)
    _get_lc_ctype                            0x0801a19d   Thumb Code    44  lc_ctype_c.o(locale$$code)
    _fp_init                                 0x0801a1c9   Thumb Code    10  fpinit.o(x$fpl$fpinit)
    __fplib_config_fpu_vfp                   0x0801a1d1   Thumb Code     0  fpinit.o(x$fpl$fpinit)
    __fplib_config_pureend_doubles           0x0801a1d1   Thumb Code     0  fpinit.o(x$fpl$fpinit)
    chCRCHTalbe                              0x0801a1d2   Data         256  mainuart.o(.constdata)
    chCRCLTalbe                              0x0801a2d2   Data         256  mainuart.o(.constdata)
    file_index_html                          0x0801ad34   Data          16  httpserver.o(.constdata)
    file_reset_html                          0x0801ad44   Data          16  httpserver.o(.constdata)
    file_upload_html                         0x0801ad54   Data          16  httpserver.o(.constdata)
    file_uploaddone_html                     0x0801ad64   Data          16  httpserver.o(.constdata)
    OSCfg_IdleTaskStkBasePtr                 0x0801af8c   Data           4  os_cfg_app.o(.constdata)
    OSCfg_IdleTaskStkLimit                   0x0801af90   Data           4  os_cfg_app.o(.constdata)
    OSCfg_IdleTaskStkSize                    0x0801af94   Data           4  os_cfg_app.o(.constdata)
    OSCfg_IdleTaskStkSizeRAM                 0x0801af98   Data           4  os_cfg_app.o(.constdata)
    OSCfg_IntQBasePtr                        0x0801af9c   Data           4  os_cfg_app.o(.constdata)
    OSCfg_IntQSize                           0x0801afa0   Data           2  os_cfg_app.o(.constdata)
    OSCfg_IntQSizeRAM                        0x0801afa4   Data           4  os_cfg_app.o(.constdata)
    OSCfg_IntQTaskStkBasePtr                 0x0801afa8   Data           4  os_cfg_app.o(.constdata)
    OSCfg_IntQTaskStkLimit                   0x0801afac   Data           4  os_cfg_app.o(.constdata)
    OSCfg_IntQTaskStkSize                    0x0801afb0   Data           4  os_cfg_app.o(.constdata)
    OSCfg_IntQTaskStkSizeRAM                 0x0801afb4   Data           4  os_cfg_app.o(.constdata)
    OSCfg_ISRStkBasePtr                      0x0801afb8   Data           4  os_cfg_app.o(.constdata)
    OSCfg_ISRStkSize                         0x0801afbc   Data           4  os_cfg_app.o(.constdata)
    OSCfg_ISRStkSizeRAM                      0x0801afc0   Data           4  os_cfg_app.o(.constdata)
    OSCfg_MsgPoolSize                        0x0801afc4   Data           2  os_cfg_app.o(.constdata)
    OSCfg_MsgPoolSizeRAM                     0x0801afc8   Data           4  os_cfg_app.o(.constdata)
    OSCfg_MsgPoolBasePtr                     0x0801afcc   Data           4  os_cfg_app.o(.constdata)
    OSCfg_StatTaskPrio                       0x0801afd0   Data           1  os_cfg_app.o(.constdata)
    OSCfg_StatTaskRate_Hz                    0x0801afd4   Data           4  os_cfg_app.o(.constdata)
    OSCfg_StatTaskStkBasePtr                 0x0801afd8   Data           4  os_cfg_app.o(.constdata)
    OSCfg_StatTaskStkLimit                   0x0801afdc   Data           4  os_cfg_app.o(.constdata)
    OSCfg_StatTaskStkSize                    0x0801afe0   Data           4  os_cfg_app.o(.constdata)
    OSCfg_StatTaskStkSizeRAM                 0x0801afe4   Data           4  os_cfg_app.o(.constdata)
    OSCfg_StkSizeMin                         0x0801afe8   Data           4  os_cfg_app.o(.constdata)
    OSCfg_TickRate_Hz                        0x0801afec   Data           4  os_cfg_app.o(.constdata)
    OSCfg_TickTaskPrio                       0x0801aff0   Data           1  os_cfg_app.o(.constdata)
    OSCfg_TickTaskStkBasePtr                 0x0801aff4   Data           4  os_cfg_app.o(.constdata)
    OSCfg_TickTaskStkLimit                   0x0801aff8   Data           4  os_cfg_app.o(.constdata)
    OSCfg_TickTaskStkSize                    0x0801affc   Data           4  os_cfg_app.o(.constdata)
    OSCfg_TickTaskStkSizeRAM                 0x0801b000   Data           4  os_cfg_app.o(.constdata)
    OSCfg_TickWheelSize                      0x0801b004   Data           2  os_cfg_app.o(.constdata)
    OSCfg_TickWheelSizeRAM                   0x0801b008   Data           4  os_cfg_app.o(.constdata)
    OSCfg_TmrTaskPrio                        0x0801b00c   Data           1  os_cfg_app.o(.constdata)
    OSCfg_TmrTaskRate_Hz                     0x0801b010   Data           4  os_cfg_app.o(.constdata)
    OSCfg_TmrTaskStkBasePtr                  0x0801b014   Data           4  os_cfg_app.o(.constdata)
    OSCfg_TmrTaskStkLimit                    0x0801b018   Data           4  os_cfg_app.o(.constdata)
    OSCfg_TmrTaskStkSize                     0x0801b01c   Data           4  os_cfg_app.o(.constdata)
    OSCfg_TmrTaskStkSizeRAM                  0x0801b020   Data           4  os_cfg_app.o(.constdata)
    OSCfg_TmrWheelSize                       0x0801b024   Data           2  os_cfg_app.o(.constdata)
    OSCfg_TmrWheelSizeRAM                    0x0801b028   Data           4  os_cfg_app.o(.constdata)
    OSCfg_DataSizeRAM                        0x0801b02c   Data           4  os_cfg_app.o(.constdata)
    memtblsize                               0x0801b030   Data          12  malloc.o(.constdata)
    memblksize                               0x0801b03c   Data          12  malloc.o(.constdata)
    memsize                                  0x0801b048   Data          12  malloc.o(.constdata)
    pvNullPointer                            0x0801b070   Data           4  sys_arch.o(.constdata)
    ethbroadcast                             0x0801b074   Data           6  etharp.o(.constdata)
    ethzero                                  0x0801b07a   Data           6  etharp.o(.constdata)
    tcp_state_str                            0x0801b0b8   Data          44  tcp.o(.constdata)
    tcp_backoff                              0x0801b0e4   Data          13  tcp.o(.constdata)
    tcp_persist_backoff                      0x0801b0f1   Data           7  tcp.o(.constdata)
    tcp_pcb_lists                            0x0801b0f8   Data          16  tcp.o(.constdata)
    ip_addr_any                              0x0801b108   Data           4  ip_addr.o(.constdata)
    ip_addr_broadcast                        0x0801b10c   Data           4  ip_addr.o(.constdata)
    Region$$Table$$Base                      0x0801b540   Number         0  anon$$obj.o(Region$$Table)
    Region$$Table$$Limit                     0x0801b560   Number         0  anon$$obj.o(Region$$Table)
    __ctype                                  0x0801b56d   Data           0  lc_ctype_c.o(locale$$data)
    mem3base                                 0x10000000   Data       32768  malloc.o(.ARM.__AT_0x10000000)
    usermem                                  0x10008000   Data       28672  malloc.o(.ARM.__AT_0x10008000)
    mem3mapbase                              0x1000f000   Data        2048  malloc.o(.ARM.__AT_0x10008000)
    RomanNumerals                            0x20000000   Data          27  cdv_config.o(.data)
    g_cdvStat                                0x2000001c   Data           1  cdv_define.o(.data)
    g_nowDoRes                               0x2000001d   Data           1  cdv_define.o(.data)
    tm1Re                                    0x20000020   Data           4  cdv_define.o(.data)
    tm2Re                                    0x20000024   Data           4  cdv_define.o(.data)
    tm3Re                                    0x20000028   Data           4  cdv_define.o(.data)
    RPressureCnt                             0x2000002c   Data           4  cdv_define.o(.data)
    fpga_i                                   0x20000030   Data           4  mainuart.o(.data)
    g_cacheTx                                0x20000034   Data           8  mainuart.o(.data)
    g_olCache                                0x2000003c   Data           8  mainuart.o(.data)
    g_needRequest                            0x20000044   Data           1  mainuart.o(.data)
    cdv_error                                0x20000045   Data         460  mainuart.o(.data)
    closeTcp                                 0x20000214   Data           1  tcp_server.o(.data)
    tcp_server_recvbuf                       0x20000218   Data           4  tcp_server.o(.data)
    tcp_server_flag                          0x2000021c   Data           1  tcp_server.o(.data)
    gConn                                    0x20000220   Data           4  tcp_server.o(.data)
    g_ota_ipaddr                             0x20000224   Data           4  tcp_server.o(.data)
    lenlenlen                                0x20000228   Data           4  tcp_server.o(.data)
    htmlpage                                 0x20000260   Data           1  httpserver.o(.data)
    g_pUsart1RxBuf                           0x20000264   Data           4  uart1.o(.data)
    g_Usart1BufLen                           0x20000268   Data           1  uart1.o(.data)
    g_Usart1RxLen                            0x20000269   Data           1  uart1.o(.data)
    g_pUart2RxBuf                            0x2000026c   Data           4  uart2.o(.data)
    g_Uart2BufLen                            0x20000270   Data           1  uart2.o(.data)
    g_Uart2RxLen                             0x20000271   Data           1  uart2.o(.data)
    USART3_RX_CNT                            0x20000274   Data           1  uart3.o(.data)
    USART3_REC_OVER                          0x20000275   Data           1  uart3.o(.data)
    g_pUsart3RxBuf                           0x20000278   Data           4  uart3.o(.data)
    g_Usart3BufLen                           0x2000027c   Data           1  uart3.o(.data)
    g_Usart3RxLen                            0x2000027d   Data           1  uart3.o(.data)
    UART4_RX_CNT                             0x20000280   Data           1  uart4.o(.data)
    UART4_REC_OVER                           0x20000281   Data           1  uart4.o(.data)
    g_pUart4RxBuf                            0x20000284   Data           4  uart4.o(.data)
    g_Uart4BufLen                            0x20000288   Data           1  uart4.o(.data)
    g_Uart4RxLen                             0x20000289   Data           1  uart4.o(.data)
    RS485_RX_CNT                             0x2000028c   Data           4  uart4.o(.data)
    UART5_RX_CNT                             0x20000290   Data           1  uart5.o(.data)
    UART5_REC_OVER                           0x20000291   Data           1  uart5.o(.data)
    g_pUart5RxBuf                            0x20000294   Data           4  uart5.o(.data)
    g_Uart5BufLen                            0x20000298   Data           1  uart5.o(.data)
    g_Uart5RxLen                             0x20000299   Data           1  uart5.o(.data)
    USART6_RX_CNT                            0x2000029c   Data           1  uart6.o(.data)
    USART6_REC_OVER                          0x2000029d   Data           1  uart6.o(.data)
    g_pUart6RxBuf                            0x200002a0   Data           4  uart6.o(.data)
    g_Uart6BufLen                            0x200002a4   Data           1  uart6.o(.data)
    g_Uart6RxLen                             0x200002a5   Data           1  uart6.o(.data)
    TxBuffer                                 0x200002a8   Data           4  spi3.o(.data)
    Tx_Idx                                   0x200002ac   Data           1  spi3.o(.data)
    Tx_len                                   0x200002ad   Data           1  spi3.o(.data)
    Rx_Idx                                   0x200002ae   Data           1  spi3.o(.data)
    p_UartSet                                0x200002b0   Data          24  uartx.o(.data)
    p_UartSend                               0x200002c8   Data          24  uartx.o(.data)
    p_UartTR                                 0x200002e0   Data          24  uartx.o(.data)
    EthStatus                                0x200002f8   Data           4  lan8720.o(.data)
    DMARxDscrTab                             0x200002fc   Data           4  lan8720.o(.data)
    DMATxDscrTab                             0x20000300   Data           4  lan8720.o(.data)
    Rx_Buff                                  0x20000304   Data           4  lan8720.o(.data)
    Tx_Buff                                  0x20000308   Data           4  lan8720.o(.data)
    isLinkUp                                 0x2000030c   Data           1  lan8720.o(.data)
    g_dip                                    0x20000314   Data           1  iox.o(.data)
    I                                        0x20000315   Data           3  iox.o(.data)
    O                                        0x20000318   Data           3  iox.o(.data)
    g_i                                      0x2000031c   Data           4  iox.o(.data)
    g_o                                      0x20000320   Data           4  iox.o(.data)
    Time_1ms                                 0x20000324   Data           4  tim3.o(.data)
    Time_10ms                                0x20000328   Data           4  tim3.o(.data)
    Time_100ms                               0x2000032c   Data           4  tim3.o(.data)
    Time_1s                                  0x20000330   Data           4  tim3.o(.data)
    SystemCoreClock                          0x20000334   Data           4  system_stm32f4xx.o(.data)
    AHBPrescTable                            0x20000338   Data          16  system_stm32f4xx.o(.data)
    DMATxDescToSet                           0x20000358   Data           4  stm32f4x7_eth.o(.data)
    DMARxDescToGet                           0x2000035c   Data           4  stm32f4x7_eth.o(.data)
    DMA_RX_FRAME_infos                       0x20000360   Data           4  stm32f4x7_eth.o(.data)
    Frame_Rx_index                           0x20000364   Data           4  stm32f4x7_eth.o(.data)
    CPU_TS_TmrFreq_Hz                        0x20000368   Data           4  cpu_core.o(.data)
    Mem_PoolTbl                              0x2000036c   Data           4  lib_mem.o(.data)
    OSPrioTbl                                0x20000370   Data           8  os_prio.o(.data)
    OSIdleTaskCtr                            0x20000378   Data           4  os_var.o(.data)
    OSIntNestingCtr                          0x2000037c   Data           1  os_var.o(.data)
    OSRunning                                0x2000037d   Data           1  os_var.o(.data)
    OSMemQty                                 0x2000037e   Data           2  os_var.o(.data)
    OSMutexQty                               0x20000380   Data           2  os_var.o(.data)
    OSPrioCur                                0x20000382   Data           1  os_var.o(.data)
    OSPrioHighRdy                            0x20000383   Data           1  os_var.o(.data)
    OSPrioSaved                              0x20000384   Data           1  os_var.o(.data)
    OSQQty                                   0x20000386   Data           2  os_var.o(.data)
    OSSchedLockNestingCtr                    0x20000388   Data           1  os_var.o(.data)
    OSSchedRoundRobinDfltTimeQuanta          0x2000038c   Data           4  os_var.o(.data)
    OSSchedRoundRobinEn                      0x20000390   Data           1  os_var.o(.data)
    OSSemQty                                 0x20000392   Data           2  os_var.o(.data)
    OSTaskCtxSwCtr                           0x20000394   Data           4  os_var.o(.data)
    OSTaskQty                                0x20000398   Data           2  os_var.o(.data)
    OSTaskRegNextAvailID                     0x2000039a   Data           1  os_var.o(.data)
    OSTickCtr                                0x2000039c   Data           4  os_var.o(.data)
    OSTickTaskTimeMax                        0x200003a0   Data           4  os_var.o(.data)
    OSTmrQty                                 0x200003a4   Data           2  os_var.o(.data)
    OSTmrTaskTimeMax                         0x200003a8   Data           4  os_var.o(.data)
    OSTmrTickCtr                             0x200003ac   Data           4  os_var.o(.data)
    OSTmrUpdateCnt                           0x200003b0   Data           4  os_var.o(.data)
    OSTmrUpdateCtr                           0x200003b4   Data           4  os_var.o(.data)
    OSTCBCurPtr                              0x200003b8   Data           4  os_var.o(.data)
    OSTCBHighRdyPtr                          0x200003bc   Data           4  os_var.o(.data)
    OS_CPU_ExceptStkBase                     0x200003c0   Data           4  os_cpu_c.o(.data)
    cdvTimeTick                              0x200003c8   Data           4  delay.o(.data)
    mallco_dev                               0x200003cc   Data          36  malloc.o(.data)
    SerialNo                                 0x200003f0   Data           1  iap.o(.data)
    Jump_To_Application                      0x200003f4   Data           4  iap.o(.data)
    JumpAddress                              0x200003f8   Data           4  iap.o(.data)
    FlashProtection                          0x200003fc   Data           4  iap.o(.data)
    netif_list                               0x20000418   Data           4  netif.o(.data)
    netif_default                            0x2000041c   Data           4  netif.o(.data)
    tcp_ticks                                0x2000042c   Data           4  tcp.o(.data)
    tcp_bound_pcbs                           0x20000430   Data           4  tcp.o(.data)
    tcp_listen_pcbs                          0x20000434   Data           4  tcp.o(.data)
    tcp_active_pcbs                          0x20000438   Data           4  tcp.o(.data)
    tcp_tw_pcbs                              0x2000043c   Data           4  tcp.o(.data)
    tcp_tmp_pcb                              0x20000440   Data           4  tcp.o(.data)
    tcp_active_pcbs_changed                  0x20000444   Data           1  tcp.o(.data)
    tcp_input_pcb                            0x20000468   Data           4  tcp_in.o(.data)
    udp_pcbs                                 0x20000478   Data           4  udp.o(.data)
    current_netif                            0x2000047c   Data           4  ip.o(.data)
    current_header                           0x20000480   Data           4  ip.o(.data)
    current_iphdr_src                        0x20000484   Data           4  ip.o(.data)
    current_iphdr_dest                       0x20000488   Data           4  ip.o(.data)
    TCPIP_THREAD_TASK_STK                    0x20000498   Data           4  lwip_comm.o(.data)
    LWIP_DHCP_TASK_STK                       0x2000049c   Data           4  lwip_comm.o(.data)
    START_TASK_STK                           0x200004a4   Data         512  main.o(.bss)
    USART_TASK_STK                           0x200006a4   Data         512  main.o(.bss)
    LED1_TASK_STK                            0x200008a4   Data         512  main.o(.bss)
    FLOAT_TASK_STK                           0x20000aa4   Data         512  main.o(.bss)
    g_scriptInfo                             0x20000ca8   Data          20  cdv_define.o(.bss)
    tmr1                                     0x20000cbc   Data          44  cdv_define.o(.bss)
    tmr2                                     0x20000ce8   Data          44  cdv_define.o(.bss)
    tmr3                                     0x20000d14   Data          44  cdv_define.o(.bss)
    StartTaskTCB                             0x20000d40   Data         172  cdv_define.o(.bss)
    UsartRecvTaskTCB                         0x20000dec   Data         172  cdv_define.o(.bss)
    UsartSendTaskTCB                         0x20000e98   Data         172  cdv_define.o(.bss)
    CdvRefreshTaskTCB                        0x20000f44   Data         172  cdv_define.o(.bss)
    TX_SEM                                   0x20000ff0   Data          28  cdv_define.o(.bss)
    MOTO_SEM                                 0x2000100c   Data          28  cdv_define.o(.bss)
    MEM_SEM                                  0x20001028   Data          28  cdv_define.o(.bss)
    GENERAL_SERIAL_SEM                       0x20001044   Data          28  cdv_define.o(.bss)
    TCP_TX_SEM                               0x20001060   Data          28  cdv_define.o(.bss)
    RPressureData                            0x20001080   Data         800  cdv_define.o(.bss)
    Para_Buf                                 0x200013a0   Data          48  mainuart.o(.bss)
    g_scriptRecv                             0x200013d0   Data          32  mainuart.o(.bss)
    g_uartRx                                 0x200013f0   Data         908  mainuart.o(.bss)
    g_uartTx                                 0x2000177c   Data          24  mainuart.o(.bss)
    logInf                                   0x20001794   Data         104  log.o(.bss)
    TcpServerTaskTCB                         0x200017fc   Data         172  tcp_server.o(.bss)
    TCPSERVER_TASK_STK                       0x200018a8   Data        1200  tcp_server.o(.bss)
    USART3_RX_BUF                            0x20001d58   Data          16  uart3.o(.bss)
    UART4_RX_BUF                             0x20001d68   Data          16  uart4.o(.bss)
    RS485_RX_BUF                             0x20001d78   Data          16  uart4.o(.bss)
    RxBuffer                                 0x20001d88   Data         256  spi3.o(.bss)
    ETH_InitStructure                        0x20001e88   Data         188  lan8720.o(.bss)
    g_cdvI                                   0x20001f44   Data         160  iox.o(.bss)
    g_cdvO                                   0x20001fe4   Data         176  iox.o(.bss)
    g_dipSW                                  0x20002094   Data          24  iox.o(.bss)
    RX_Frame_Descriptor                      0x200020ac   Data          12  stm32f4x7_eth.o(.bss)
    CPU_Name                                 0x200020b8   Data          16  cpu_core.o(.bss)
    Mem_PoolHeap                             0x200020c8   Data          72  lib_mem.o(.bss)
    Mem_Heap                                 0x20002110   Data        1024  lib_mem.o(.bss)
    OSCfg_IdleTaskStk                        0x20002510   Data         512  os_cfg_app.o(.bss)
    OSCfg_ISRStk                             0x20002710   Data         512  os_cfg_app.o(.bss)
    OSCfg_MsgPool                            0x20002910   Data        1600  os_cfg_app.o(.bss)
    OSCfg_TickTaskStk                        0x20002f50   Data         512  os_cfg_app.o(.bss)
    OSCfg_TickWheel                          0x20003150   Data         136  os_cfg_app.o(.bss)
    OSCfg_TmrTaskStk                         0x200031d8   Data         512  os_cfg_app.o(.bss)
    OSCfg_TmrWheel                           0x200033d8   Data         136  os_cfg_app.o(.bss)
    OSIdleTaskTCB                            0x20003460   Data         172  os_var.o(.bss)
    OSMsgPool                                0x2000350c   Data          12  os_var.o(.bss)
    OSRdyList                                0x20003518   Data         768  os_var.o(.bss)
    OSTickTaskTCB                            0x20003818   Data         172  os_var.o(.bss)
    OSTmrTaskTCB                             0x200038c4   Data         172  os_var.o(.bss)
    cdvStartTime                             0x20003970   Data          80  delay.o(.bss)
    cdvEndTime                               0x200039c0   Data          80  delay.o(.bss)
    TcpipthreadTaskTCB                       0x20003a10   Data         172  sys_arch.o(.bss)
    ram_heap                                 0x20003ba8   Data       10020  mem.o(.bss)
    lwipdev                                  0x2000f15c   Data          23  lwip_comm.o(.bss)
    lwip_netif                               0x2000f174   Data          52  lwip_comm.o(.bss)
    LwipdhcpTaskTCB                          0x2000f1a8   Data         172  lwip_comm.o(.bss)
    __libspace_start                         0x2000f254   Data          96  libspace.o(.bss)
    __temporary_stack_top$libspace           0x2000f2b4   Data           0  libspace.o(.bss)



==============================================================================

Memory Map of the image

  Image Entry point : 0x08000189

  Load Region LR_IROM1 (Base: 0x08000000, Size: 0x0001bb14, Max: 0x00100000, ABSOLUTE, COMPRESSED[0x0001b7cc])

    Execution Region ER_IROM1 (Exec base: 0x08000000, Load base: 0x08000000, Size: 0x0001b670, Max: 0x00100000, ABSOLUTE)

    Exec Addr    Load Addr    Size         Type   Attr      Idx    E Section Name        Object

    0x08000000   0x08000000   0x00000188   Data   RO         1062    RESET               startup_stm32f40_41xxx.o
    0x08000188   0x08000188   0x00000008   Code   RO         3045  * !!!main             c_w.l(__main.o)
    0x08000190   0x08000190   0x00000034   Code   RO         3288    !!!scatter          c_w.l(__scatter.o)
    0x080001c4   0x080001c4   0x0000005a   Code   RO         3286    !!dczerorl2         c_w.l(__dczerorl2.o)
    0x0800021e   0x0800021e   0x00000002   PAD
    0x08000220   0x08000220   0x0000001c   Code   RO         3290    !!handler_zi        c_w.l(__scatter_zi.o)
    0x0800023c   0x0800023c   0x00000000   Code   RO         3018    .ARM.Collect$$_printf_percent$$00000000  c_w.l(_printf_percent.o)
    0x0800023c   0x0800023c   0x00000006   Code   RO         3017    .ARM.Collect$$_printf_percent$$00000009  c_w.l(_printf_d.o)
    0x08000242   0x08000242   0x00000006   Code   RO         3016    .ARM.Collect$$_printf_percent$$0000000C  c_w.l(_printf_x.o)
    0x08000248   0x08000248   0x00000006   Code   RO         3015    .ARM.Collect$$_printf_percent$$00000014  c_w.l(_printf_s.o)
    0x0800024e   0x0800024e   0x00000004   Code   RO         3097    .ARM.Collect$$_printf_percent$$00000017  c_w.l(_printf_percent_end.o)
    0x08000252   0x08000252   0x00000002   Code   RO         3225    .ARM.Collect$$libinit$$00000000  c_w.l(libinit.o)
    0x08000254   0x08000254   0x00000004   Code   RO         3105    .ARM.Collect$$libinit$$00000001  c_w.l(libinit2.o)
    0x08000258   0x08000258   0x00000000   Code   RO         3108    .ARM.Collect$$libinit$$00000004  c_w.l(libinit2.o)
    0x08000258   0x08000258   0x00000008   Code   RO         3109    .ARM.Collect$$libinit$$00000005  c_w.l(libinit2.o)
    0x08000260   0x08000260   0x00000000   Code   RO         3111    .ARM.Collect$$libinit$$0000000A  c_w.l(libinit2.o)
    0x08000260   0x08000260   0x00000000   Code   RO         3113    .ARM.Collect$$libinit$$0000000C  c_w.l(libinit2.o)
    0x08000260   0x08000260   0x00000000   Code   RO         3115    .ARM.Collect$$libinit$$0000000E  c_w.l(libinit2.o)
    0x08000260   0x08000260   0x00000006   Code   RO         3116    .ARM.Collect$$libinit$$0000000F  c_w.l(libinit2.o)
    0x08000266   0x08000266   0x00000000   Code   RO         3118    .ARM.Collect$$libinit$$00000011  c_w.l(libinit2.o)
    0x08000266   0x08000266   0x0000000c   Code   RO         3119    .ARM.Collect$$libinit$$00000012  c_w.l(libinit2.o)
    0x08000272   0x08000272   0x00000000   Code   RO         3120    .ARM.Collect$$libinit$$00000013  c_w.l(libinit2.o)
    0x08000272   0x08000272   0x00000000   Code   RO         3122    .ARM.Collect$$libinit$$00000015  c_w.l(libinit2.o)
    0x08000272   0x08000272   0x00000000   Code   RO         3124    .ARM.Collect$$libinit$$00000017  c_w.l(libinit2.o)
    0x08000272   0x08000272   0x00000000   Code   RO         3126    .ARM.Collect$$libinit$$00000019  c_w.l(libinit2.o)
    0x08000272   0x08000272   0x00000000   Code   RO         3128    .ARM.Collect$$libinit$$0000001B  c_w.l(libinit2.o)
    0x08000272   0x08000272   0x00000000   Code   RO         3130    .ARM.Collect$$libinit$$0000001D  c_w.l(libinit2.o)
    0x08000272   0x08000272   0x00000000   Code   RO         3132    .ARM.Collect$$libinit$$0000001F  c_w.l(libinit2.o)
    0x08000272   0x08000272   0x00000000   Code   RO         3134    .ARM.Collect$$libinit$$00000021  c_w.l(libinit2.o)
    0x08000272   0x08000272   0x00000000   Code   RO         3136    .ARM.Collect$$libinit$$00000023  c_w.l(libinit2.o)
    0x08000272   0x08000272   0x00000000   Code   RO         3138    .ARM.Collect$$libinit$$00000025  c_w.l(libinit2.o)
    0x08000272   0x08000272   0x00000000   Code   RO         3142    .ARM.Collect$$libinit$$0000002C  c_w.l(libinit2.o)
    0x08000272   0x08000272   0x00000000   Code   RO         3144    .ARM.Collect$$libinit$$0000002E  c_w.l(libinit2.o)
    0x08000272   0x08000272   0x00000000   Code   RO         3146    .ARM.Collect$$libinit$$00000030  c_w.l(libinit2.o)
    0x08000272   0x08000272   0x00000000   Code   RO         3148    .ARM.Collect$$libinit$$00000032  c_w.l(libinit2.o)
    0x08000272   0x08000272   0x00000002   Code   RO         3149    .ARM.Collect$$libinit$$00000033  c_w.l(libinit2.o)
    0x08000274   0x08000274   0x00000002   Code   RO         3283    .ARM.Collect$$libshutdown$$00000000  c_w.l(libshutdown.o)
    0x08000276   0x08000276   0x00000000   Code   RO         3241    .ARM.Collect$$libshutdown$$00000002  c_w.l(libshutdown2.o)
    0x08000276   0x08000276   0x00000000   Code   RO         3243    .ARM.Collect$$libshutdown$$00000004  c_w.l(libshutdown2.o)
    0x08000276   0x08000276   0x00000000   Code   RO         3246    .ARM.Collect$$libshutdown$$00000007  c_w.l(libshutdown2.o)
    0x08000276   0x08000276   0x00000000   Code   RO         3249    .ARM.Collect$$libshutdown$$0000000A  c_w.l(libshutdown2.o)
    0x08000276   0x08000276   0x00000000   Code   RO         3251    .ARM.Collect$$libshutdown$$0000000C  c_w.l(libshutdown2.o)
    0x08000276   0x08000276   0x00000000   Code   RO         3254    .ARM.Collect$$libshutdown$$0000000F  c_w.l(libshutdown2.o)
    0x08000276   0x08000276   0x00000002   Code   RO         3255    .ARM.Collect$$libshutdown$$00000010  c_w.l(libshutdown2.o)
    0x08000278   0x08000278   0x00000000   Code   RO         3049    .ARM.Collect$$rtentry$$00000000  c_w.l(__rtentry.o)
    0x08000278   0x08000278   0x00000000   Code   RO         3156    .ARM.Collect$$rtentry$$00000002  c_w.l(__rtentry2.o)
    0x08000278   0x08000278   0x00000006   Code   RO         3168    .ARM.Collect$$rtentry$$00000004  c_w.l(__rtentry4.o)
    0x0800027e   0x0800027e   0x00000000   Code   RO         3158    .ARM.Collect$$rtentry$$00000009  c_w.l(__rtentry2.o)
    0x0800027e   0x0800027e   0x00000004   Code   RO         3159    .ARM.Collect$$rtentry$$0000000A  c_w.l(__rtentry2.o)
    0x08000282   0x08000282   0x00000000   Code   RO         3161    .ARM.Collect$$rtentry$$0000000C  c_w.l(__rtentry2.o)
    0x08000282   0x08000282   0x00000008   Code   RO         3162    .ARM.Collect$$rtentry$$0000000D  c_w.l(__rtentry2.o)
    0x0800028a   0x0800028a   0x00000002   Code   RO         3228    .ARM.Collect$$rtexit$$00000000  c_w.l(rtexit.o)
    0x0800028c   0x0800028c   0x00000000   Code   RO         3259    .ARM.Collect$$rtexit$$00000002  c_w.l(rtexit2.o)
    0x0800028c   0x0800028c   0x00000004   Code   RO         3260    .ARM.Collect$$rtexit$$00000003  c_w.l(rtexit2.o)
    0x08000290   0x08000290   0x00000006   Code   RO         3261    .ARM.Collect$$rtexit$$00000004  c_w.l(rtexit2.o)
    0x08000296   0x08000296   0x00000002   PAD
    0x08000298   0x08000298   0x00000010   Code   RO         1875    .emb_text           sysdef.o
    0x080002a8   0x080002a8   0x00000000   Code   RO         3174    .emb_text           c_w.l(maybetermalloc1.o)
    0x080002a8   0x080002a8   0x000004bc   Code   RO            3    .text               main.o
    0x08000764   0x08000764   0x0000027c   Code   RO          370    .text               cdv_config.o
    0x080009e0   0x080009e0   0x000007b0   Code   RO          446    .text               mainuart.o
    0x08001190   0x08001190   0x00000714   Code   RO          476    .text               log.o
    0x080018a4   0x080018a4   0x000006b0   Code   RO          520    .text               tcp_server.o
    0x08001f54   0x08001f54   0x0000079c   Code   RO          564    .text               httpserver.o
    0x080026f0   0x080026f0   0x000002f0   Code   RO          600    .text               uart1.o
    0x080029e0   0x080029e0   0x000002a4   Code   RO          626    .text               uart2.o
    0x08002c84   0x08002c84   0x00000320   Code   RO          652    .text               uart3.o
    0x08002fa4   0x08002fa4   0x00000298   Code   RO          679    .text               uart4.o
    0x0800323c   0x0800323c   0x000002a8   Code   RO          706    .text               uart5.o
    0x080034e4   0x080034e4   0x000002c8   Code   RO          733    .text               uart6.o
    0x080037ac   0x080037ac   0x000000d0   Code   RO          760    .text               spix.o
    0x0800387c   0x0800387c   0x000000bc   Code   RO          781    .text               exti.o
    0x08003938   0x08003938   0x000000e0   Code   RO          801    .text               spi2.o
    0x08003a18   0x08003a18   0x00000264   Code   RO          821    .text               spi3.o
    0x08003c7c   0x08003c7c   0x0000044c   Code   RO          846    .text               uartx.o
    0x080040c8   0x080040c8   0x000000b0   Code   RO          870    .text               dmax.o
    0x08004178   0x08004178   0x0000075c   Code   RO          890    .text               lan8720.o
    0x080048d4   0x080048d4   0x00000bf0   Code   RO          923    .text               iox.o
    0x080054c4   0x080054c4   0x00000140   Code   RO          950    .text               tim3.o
    0x08005604   0x08005604   0x00000184   Code   RO          973    .text               74hc595.o
    0x08005788   0x08005788   0x000000ac   Code   RO          993    .text               dac.o
    0x08005834   0x08005834   0x00000060   Code   RO         1013    .text               stm32f4xx_it.o
    0x08005894   0x08005894   0x00000210   Code   RO         1036    .text               system_stm32f4xx.o
    0x08005aa4   0x08005aa4   0x00000040   Code   RO         1063    .text               startup_stm32f40_41xxx.o
    0x08005ae4   0x08005ae4   0x0000065c   Code   RO         1069    .text               stm32f4xx_rcc.o
    0x08006140   0x08006140   0x000000e0   Code   RO         1091    .text               misc.o
    0x08006220   0x08006220   0x00000294   Code   RO         1111    .text               stm32f4xx_gpio.o
    0x080064b4   0x080064b4   0x00000454   Code   RO         1131    .text               stm32f4xx_usart.o
    0x08006908   0x08006908   0x00000480   Code   RO         1151    .text               stm32f4xx_spi.o
    0x08006d88   0x08006d88   0x00000ca2   Code   RO         1171    .text               stm32f4xx_tim.o
    0x08007a2a   0x08007a2a   0x00000002   PAD
    0x08007a2c   0x08007a2c   0x000003a8   Code   RO         1191    .text               stm32f4xx_dma.o
    0x08007dd4   0x08007dd4   0x00000210   Code   RO         1251    .text               stm32f4xx_dac.o
    0x08007fe4   0x08007fe4   0x00000110   Code   RO         1314    .text               stm32f4xx_exti.o
    0x080080f4   0x080080f4   0x00000094   Code   RO         1334    .text               stm32f4xx_syscfg.o
    0x08008188   0x08008188   0x00001054   Code   RO         1354    .text               stm32f4x7_eth.o
    0x080091dc   0x080091dc   0x00000694   Code   RO         1381    .text               stm32f4xx_flash.o
    0x08009870   0x08009870   0x00000084   Code   RO         1401    .text               bsp.o
    0x080098f4   0x080098f4   0x000002a8   Code   RO         1437    .text               cpu_core.o
    0x08009b9c   0x08009b9c   0x00000256   Code   RO         1475    .text               lib_ascii.o
    0x08009df2   0x08009df2   0x00000002   PAD
    0x08009df4   0x08009df4   0x000009c6   Code   RO         1508    .text               lib_mem.o
    0x0800a7ba   0x0800a7ba   0x00000002   PAD
    0x0800a7bc   0x0800a7bc   0x00000928   Code   RO         1527    .text               lib_str.o
    0x0800b0e4   0x0800b0e4   0x00000002   Code   RO         1544    .text               os_cfg_app.o
    0x0800b0e6   0x0800b0e6   0x00000002   PAD
    0x0800b0e8   0x0800b0e8   0x00000c30   Code   RO         1567    .text               os_core.o
    0x0800bd18   0x0800bd18   0x000001cc   Code   RO         1600    .text               os_mem.o
    0x0800bee4   0x0800bee4   0x00000228   Code   RO         1612    .text               os_msg.o
    0x0800c10c   0x0800c10c   0x000006ec   Code   RO         1624    .text               os_mutex.o
    0x0800c7f8   0x0800c7f8   0x0000007c   Code   RO         1642    .text               os_prio.o
    0x0800c874   0x0800c874   0x00000660   Code   RO         1661    .text               os_q.o
    0x0800ced4   0x0800ced4   0x00000674   Code   RO         1673    .text               os_sem.o
    0x0800d548   0x0800d548   0x000012b4   Code   RO         1691    .text               os_task.o
    0x0800e7fc   0x0800e7fc   0x00000484   Code   RO         1703    .text               os_tick.o
    0x0800ec80   0x0800ec80   0x0000045c   Code   RO         1715    .text               os_time.o
    0x0800f0dc   0x0800f0dc   0x00000790   Code   RO         1727    .text               os_tmr.o
    0x0800f86c   0x0800f86c   0x0000034c   Code   RO         1755    .text               os_cpu_c.o
    0x0800fbb8   0x0800fbb8   0x00000034   Code   RO         1779    .text               cpu_a.o
    0x0800fbec   0x0800fbec   0x00000220   Code   RO         1782    .text               lib_mem_a.o
    0x0800fe0c   0x0800fe0c   0x00000210   Code   RO         1790    .text               delay.o
    0x0801001c   0x0801001c   0x000005c4   Code   RO         1832    .text               flash.o
    0x080105e0   0x080105e0   0x00000248   Code   RO         1893    .text               malloc.o
    0x08010828   0x08010828   0x0000020c   Code   RO         1922    .text               flash_if.o
    0x08010a34   0x08010a34   0x000009a8   Code   RO         1942    .text               iap.o
    0x080113dc   0x080113dc   0x000002b0   Code   RO         1971    .text               ethernetif.o
    0x0801168c   0x0801168c   0x00000380   Code   RO         2001    .text               sys_arch.o
    0x08011a0c   0x08011a0c   0x00000924   Code   RO         2032    .text               etharp.o
    0x08012330   0x08012330   0x000006d0   Code   RO         2078    .text               api_lib.o
    0x08012a00   0x08012a00   0x00000f7c   Code   RO         2126    .text               api_msg.o
    0x0801397c   0x0801397c   0x00000190   Code   RO         2163    .text               netbuf.o
    0x08013b0c   0x08013b0c   0x000002e0   Code   RO         2235    .text               tcpip.o
    0x08013dec   0x08013dec   0x0000003e   Code   RO         2273    .text               def.o
    0x08013e2a   0x08013e2a   0x00000020   Code   RO         2321    .text               init.o
    0x08013e4a   0x08013e4a   0x00000002   PAD
    0x08013e4c   0x08013e4c   0x0000038c   Code   RO         2370    .text               mem.o
    0x080141d8   0x080141d8   0x000000d4   Code   RO         2394    .text               memp.o
    0x080142ac   0x080142ac   0x000002a0   Code   RO         2432    .text               netif.o
    0x0801454c   0x0801454c   0x00000750   Code   RO         2462    .text               pbuf.o
    0x08014c9c   0x08014c9c   0x000001b0   Code   RO         2485    .text               raw.o
    0x08014e4c   0x08014e4c   0x00000df0   Code   RO         2535    .text               tcp.o
    0x08015c3c   0x08015c3c   0x000012a0   Code   RO         2567    .text               tcp_in.o
    0x08016edc   0x08016edc   0x00000c2e   Code   RO         2601    .text               tcp_out.o
    0x08017b0a   0x08017b0a   0x00000002   PAD
    0x08017b0c   0x08017b0c   0x00000228   Code   RO         2621    .text               timers.o
    0x08017d34   0x08017d34   0x00000444   Code   RO         2652    .text               udp.o
    0x08018178   0x08018178   0x000001f0   Code   RO         2692    .text               icmp.o
    0x08018368   0x08018368   0x00000222   Code   RO         2743    .text               inet_chksum.o
    0x0801858a   0x0801858a   0x00000002   PAD
    0x0801858c   0x0801858c   0x000002d8   Code   RO         2763    .text               ip.o
    0x08018864   0x08018864   0x000002b8   Code   RO         2792    .text               ip_addr.o
    0x08018b1c   0x08018b1c   0x00000694   Code   RO         2829    .text               ip_frag.o
    0x080191b0   0x080191b0   0x000002e8   Code   RO         2851    .text               lwip_comm.o
    0x08019498   0x08019498   0x00000010   Code   RO         2896    .text               c_w.l(rt_ctype_table.o)
    0x080194a8   0x080194a8   0x0000005e   Code   RO         2902    .text               c_w.l(h1_alloc.o)
    0x08019506   0x08019506   0x0000004e   Code   RO         2904    .text               c_w.l(h1_free.o)
    0x08019554   0x08019554   0x000000ee   Code   RO         2960    .text               c_w.l(lludivv7m.o)
    0x08019642   0x08019642   0x00000002   PAD
    0x08019644   0x08019644   0x00000028   Code   RO         2964    .text               c_w.l(noretval__2sprintf.o)
    0x0801966c   0x0801966c   0x0000004e   Code   RO         2968    .text               c_w.l(_printf_pad.o)
    0x080196ba   0x080196ba   0x00000052   Code   RO         2970    .text               c_w.l(_printf_str.o)
    0x0801970c   0x0801970c   0x00000078   Code   RO         2972    .text               c_w.l(_printf_dec.o)
    0x08019784   0x08019784   0x00000058   Code   RO         2977    .text               c_w.l(_printf_hex_int.o)
    0x080197dc   0x080197dc   0x00000138   Code   RO         3007    .text               c_w.l(__printf_flags_wp.o)
    0x08019914   0x08019914   0x0000001a   Code   RO         3019    .text               c_w.l(atoi.o)
    0x0801992e   0x0801992e   0x00000014   Code   RO         3021    .text               c_w.l(strchr.o)
    0x08019942   0x08019942   0x00000024   Code   RO         3023    .text               c_w.l(strstr.o)
    0x08019966   0x08019966   0x00000058   Code   RO         3025    .text               c_w.l(memcmp.o)
    0x080199be   0x080199be   0x0000003e   Code   RO         3027    .text               c_w.l(strlen.o)
    0x080199fc   0x080199fc   0x00000096   Code   RO         3029    .text               c_w.l(strncmp.o)
    0x08019a92   0x08019a92   0x0000008a   Code   RO         3031    .text               c_w.l(rt_memcpy_v6.o)
    0x08019b1c   0x08019b1c   0x00000064   Code   RO         3033    .text               c_w.l(rt_memcpy_w.o)
    0x08019b80   0x08019b80   0x00000010   Code   RO         3035    .text               c_w.l(aeabi_memset.o)
    0x08019b90   0x08019b90   0x00000044   Code   RO         3037    .text               c_w.l(rt_memclr.o)
    0x08019bd4   0x08019bd4   0x0000004e   Code   RO         3039    .text               c_w.l(rt_memclr_w.o)
    0x08019c22   0x08019c22   0x00000002   PAD
    0x08019c24   0x08019c24   0x00000080   Code   RO         3041    .text               c_w.l(strcmpv7m.o)
    0x08019ca4   0x08019ca4   0x00000006   Code   RO         3043    .text               c_w.l(heapauxi.o)
    0x08019caa   0x08019caa   0x00000002   PAD
    0x08019cac   0x08019cac   0x00000008   Code   RO         3057    .text               c_w.l(rt_heap_descriptor_intlibspace.o)
    0x08019cb4   0x08019cb4   0x00000008   Code   RO         3062    .text               c_w.l(rt_locale_intlibspace.o)
    0x08019cbc   0x08019cbc   0x00000008   Code   RO         3067    .text               c_w.l(rt_errno_addr_intlibspace.o)
    0x08019cc4   0x08019cc4   0x00000004   Code   RO         3069    .text               c_w.l(hguard.o)
    0x08019cc8   0x08019cc8   0x0000008a   Code   RO         3071    .text               c_w.l(init_alloc.o)
    0x08019d52   0x08019d52   0x0000000e   Code   RO         3075    .text               c_w.l(h1_init.o)
    0x08019d60   0x08019d60   0x000000b2   Code   RO         3089    .text               c_w.l(_printf_intcommon.o)
    0x08019e12   0x08019e12   0x00000002   PAD
    0x08019e14   0x08019e14   0x00000030   Code   RO         3091    .text               c_w.l(_printf_char_common.o)
    0x08019e44   0x08019e44   0x0000000a   Code   RO         3093    .text               c_w.l(_sputc.o)
    0x08019e4e   0x08019e4e   0x0000002c   Code   RO         3095    .text               c_w.l(_printf_char.o)
    0x08019e7a   0x08019e7a   0x00000070   Code   RO         3098    .text               c_w.l(strtol.o)
    0x08019eea   0x08019eea   0x00000002   PAD
    0x08019eec   0x08019eec   0x00000008   Code   RO         3152    .text               c_w.l(libspace.o)
    0x08019ef4   0x08019ef4   0x00000034   Code   RO         3176    .text               c_w.l(h1_extend.o)
    0x08019f28   0x08019f28   0x0000009e   Code   RO         3182    .text               c_w.l(_strtoul.o)
    0x08019fc6   0x08019fc6   0x0000000e   Code   RO         3184    .text               c_w.l(defsig_rtmem_outer.o)
    0x08019fd4   0x08019fd4   0x00000002   Code   RO         3195    .text               c_w.l(use_no_semi.o)
    0x08019fd6   0x08019fd6   0x00000000   Code   RO         3197    .text               c_w.l(indicate_semi.o)
    0x08019fd6   0x08019fd6   0x0000004a   Code   RO         3198    .text               c_w.l(sys_stackheap_outer.o)
    0x0801a020   0x0801a020   0x0000001c   Code   RO         3204    .text               c_w.l(_chval.o)
    0x0801a03c   0x0801a03c   0x00000012   Code   RO         3206    .text               c_w.l(exit.o)
    0x0801a04e   0x0801a04e   0x0000000a   Code   RO         3208    .text               c_w.l(defsig_exit.o)
    0x0801a058   0x0801a058   0x00000050   Code   RO         3214    .text               c_w.l(defsig_rtmem_inner.o)
    0x0801a0a8   0x0801a0a8   0x0000000c   Code   RO         3226    .text               c_w.l(sys_exit.o)
    0x0801a0b4   0x0801a0b4   0x00000032   Code   RO         3236    .text               c_w.l(defsig_general.o)
    0x0801a0e6   0x0801a0e6   0x0000000e   Code   RO         3256    .text               c_w.l(sys_wrch.o)
    0x0801a0f4   0x0801a0f4   0x00000098   Code   RO         1785    CODE                os_cpu_a.o
    0x0801a18c   0x0801a18c   0x0000000e   Code   RO         3005    i._is_digit         c_w.l(__printf_wp.o)
    0x0801a19a   0x0801a19a   0x00000002   PAD
    0x0801a19c   0x0801a19c   0x0000002c   Code   RO         3101    locale$$code        c_w.l(lc_ctype_c.o)
    0x0801a1c8   0x0801a1c8   0x0000000a   Code   RO         3193    x$fpl$fpinit        fz_wm.l(fpinit.o)
    0x0801a1d2   0x0801a1d2   0x00000220   Data   RO          448    .constdata          mainuart.o
    0x0801a3f2   0x0801a3f2   0x00000002   PAD
    0x0801a3f4   0x0801a3f4   0x00000056   Data   RO          478    .constdata          log.o
    0x0801a44a   0x0801a44a   0x00000002   PAD
    0x0801a44c   0x0801a44c   0x0000094b   Data   RO          565    .constdata          httpserver.o
    0x0801ad97   0x0801ad97   0x0000000e   Data   RO          761    .constdata          spix.o
    0x0801ada5   0x0801ada5   0x0000000a   Data   RO          823    .constdata          spi3.o
    0x0801adaf   0x0801adaf   0x0000003a   Data   RO          847    .constdata          uartx.o
    0x0801ade9   0x0801ade9   0x0000000f   Data   RO          892    .constdata          lan8720.o
    0x0801adf8   0x0801adf8   0x00000100   Data   RO         1439    .constdata          cpu_core.o
    0x0801aef8   0x0801aef8   0x00000094   Data   RO         1528    .constdata          lib_str.o
    0x0801af8c   0x0801af8c   0x000000a4   Data   RO         1546    .constdata          os_cfg_app.o
    0x0801b030   0x0801b030   0x00000024   Data   RO         1896    .constdata          malloc.o
    0x0801b054   0x0801b054   0x0000001a   Data   RO         1944    .constdata          iap.o
    0x0801b06e   0x0801b06e   0x00000002   PAD
    0x0801b070   0x0801b070   0x00000004   Data   RO         2003    .constdata          sys_arch.o
    0x0801b074   0x0801b074   0x0000000c   Data   RO         2034    .constdata          etharp.o
    0x0801b080   0x0801b080   0x00000038   Data   RO         2396    .constdata          memp.o
    0x0801b0b8   0x0801b0b8   0x00000050   Data   RO         2536    .constdata          tcp.o
    0x0801b108   0x0801b108   0x00000008   Data   RO         2794    .constdata          ip_addr.o
    0x0801b110   0x0801b110   0x0000000a   Data   RO         2853    .constdata          lwip_comm.o
    0x0801b11a   0x0801b11a   0x00000028   Data   RO         2978    .constdata          c_w.l(_printf_hex_int.o)
    0x0801b142   0x0801b142   0x00000011   Data   RO         3008    .constdata          c_w.l(__printf_flags_wp.o)
    0x0801b153   0x0801b153   0x00000001   PAD
    0x0801b154   0x0801b154   0x00000371   Data   RO         1945    .conststring        iap.o
    0x0801b4c5   0x0801b4c5   0x00000003   PAD
    0x0801b4c8   0x0801b4c8   0x00000075   Data   RO         2537    .conststring        tcp.o
    0x0801b53d   0x0801b53d   0x00000003   PAD
    0x0801b540   0x0801b540   0x00000020   Data   RO         3284    Region$$Table       anon$$obj.o
    0x0801b560   0x0801b560   0x00000110   Data   RO         3100    locale$$data        c_w.l(lc_ctype_c.o)


    Execution Region RW_IRAM1 (Exec base: 0x20000000, Load base: 0x0801b670, Size: 0x000192b8, Max: 0x00020000, ABSOLUTE, COMPRESSED[0x0000015c])

    Exec Addr    Load Addr    Size         Type   Attr      Idx    E Section Name        Object

    0x20000000   COMPRESSED   0x0000001b   Data   RW          371    .data               cdv_config.o
    0x2000001b   COMPRESSED   0x00000001   PAD
    0x2000001c   COMPRESSED   0x00000014   Data   RW          405    .data               cdv_define.o
    0x20000030   COMPRESSED   0x000001e1   Data   RW          449    .data               mainuart.o
    0x20000211   COMPRESSED   0x00000003   PAD
    0x20000214   COMPRESSED   0x00000022   Data   RW          522    .data               tcp_server.o
    0x20000236   COMPRESSED   0x00000002   PAD
    0x20000238   COMPRESSED   0x00000029   Data   RW          566    .data               httpserver.o
    0x20000261   COMPRESSED   0x00000003   PAD
    0x20000264   COMPRESSED   0x00000006   Data   RW          601    .data               uart1.o
    0x2000026a   COMPRESSED   0x00000002   PAD
    0x2000026c   COMPRESSED   0x00000006   Data   RW          627    .data               uart2.o
    0x20000272   COMPRESSED   0x00000002   PAD
    0x20000274   COMPRESSED   0x0000000a   Data   RW          654    .data               uart3.o
    0x2000027e   COMPRESSED   0x00000002   PAD
    0x20000280   COMPRESSED   0x00000010   Data   RW          681    .data               uart4.o
    0x20000290   COMPRESSED   0x0000000a   Data   RW          708    .data               uart5.o
    0x2000029a   COMPRESSED   0x00000002   PAD
    0x2000029c   COMPRESSED   0x0000000a   Data   RW          735    .data               uart6.o
    0x200002a6   COMPRESSED   0x00000002   PAD
    0x200002a8   COMPRESSED   0x00000007   Data   RW          824    .data               spi3.o
    0x200002af   COMPRESSED   0x00000001   PAD
    0x200002b0   COMPRESSED   0x00000048   Data   RW          848    .data               uartx.o
    0x200002f8   COMPRESSED   0x0000001c   Data   RW          893    .data               lan8720.o
    0x20000314   COMPRESSED   0x00000010   Data   RW          925    .data               iox.o
    0x20000324   COMPRESSED   0x00000010   Data   RW          951    .data               tim3.o
    0x20000334   COMPRESSED   0x00000014   Data   RW         1037    .data               system_stm32f4xx.o
    0x20000348   COMPRESSED   0x00000010   Data   RW         1070    .data               stm32f4xx_rcc.o
    0x20000358   COMPRESSED   0x00000010   Data   RW         1356    .data               stm32f4x7_eth.o
    0x20000368   COMPRESSED   0x00000004   Data   RW         1440    .data               cpu_core.o
    0x2000036c   COMPRESSED   0x00000004   Data   RW         1510    .data               lib_mem.o
    0x20000370   COMPRESSED   0x00000008   Data   RW         1643    .data               os_prio.o
    0x20000378   COMPRESSED   0x00000048   Data   RW         1740    .data               os_var.o
    0x200003c0   COMPRESSED   0x00000004   Data   RW         1756    .data               os_cpu_c.o
    0x200003c4   COMPRESSED   0x00000008   Data   RW         1792    .data               delay.o
    0x200003cc   COMPRESSED   0x00000024   Data   RW         1897    .data               malloc.o
    0x200003f0   COMPRESSED   0x00000010   Data   RW         1946    .data               iap.o
    0x20000400   COMPRESSED   0x00000001   Data   RW         2035    .data               etharp.o
    0x20000401   COMPRESSED   0x00000003   PAD
    0x20000404   COMPRESSED   0x00000008   Data   RW         2237    .data               tcpip.o
    0x2000040c   COMPRESSED   0x0000000c   Data   RW         2372    .data               mem.o
    0x20000418   COMPRESSED   0x00000009   Data   RW         2433    .data               netif.o
    0x20000421   COMPRESSED   0x00000003   PAD
    0x20000424   COMPRESSED   0x00000004   Data   RW         2486    .data               raw.o
    0x20000428   COMPRESSED   0x00000024   Data   RW         2538    .data               tcp.o
    0x2000044c   COMPRESSED   0x00000020   Data   RW         2569    .data               tcp_in.o
    0x2000046c   COMPRESSED   0x00000008   Data   RW         2622    .data               timers.o
    0x20000474   COMPRESSED   0x00000008   Data   RW         2653    .data               udp.o
    0x2000047c   COMPRESSED   0x00000012   Data   RW         2764    .data               ip.o
    0x2000048e   COMPRESSED   0x00000002   PAD
    0x20000490   COMPRESSED   0x00000006   Data   RW         2830    .data               ip_frag.o
    0x20000496   COMPRESSED   0x00000002   PAD
    0x20000498   COMPRESSED   0x0000000c   Data   RW         2854    .data               lwip_comm.o
    0x200004a4        -       0x00000800   Zero   RW            4    .bss                main.o
    0x20000ca4   COMPRESSED   0x00000004   PAD
    0x20000ca8        -       0x000006f8   Zero   RW          404    .bss                cdv_define.o
    0x200013a0        -       0x000003f4   Zero   RW          447    .bss                mainuart.o
    0x20001794        -       0x00000068   Zero   RW          477    .bss                log.o
    0x200017fc        -       0x0000055c   Zero   RW          521    .bss                tcp_server.o
    0x20001d58        -       0x00000010   Zero   RW          653    .bss                uart3.o
    0x20001d68        -       0x00000020   Zero   RW          680    .bss                uart4.o
    0x20001d88        -       0x00000100   Zero   RW          822    .bss                spi3.o
    0x20001e88        -       0x000000bc   Zero   RW          891    .bss                lan8720.o
    0x20001f44        -       0x00000168   Zero   RW          924    .bss                iox.o
    0x200020ac        -       0x0000000c   Zero   RW         1355    .bss                stm32f4x7_eth.o
    0x200020b8        -       0x00000010   Zero   RW         1438    .bss                cpu_core.o
    0x200020c8        -       0x00000448   Zero   RW         1509    .bss                lib_mem.o
    0x20002510        -       0x00000f50   Zero   RW         1545    .bss                os_cfg_app.o
    0x20003460        -       0x00000510   Zero   RW         1739    .bss                os_var.o
    0x20003970        -       0x000000a0   Zero   RW         1791    .bss                delay.o
    0x20003a10        -       0x000000ac   Zero   RW         2002    .bss                sys_arch.o
    0x20003abc        -       0x000000c8   Zero   RW         2033    .bss                etharp.o
    0x20003b84        -       0x00000024   Zero   RW         2236    .bss                tcpip.o
    0x20003ba8        -       0x00002740   Zero   RW         2371    .bss                mem.o
    0x200062e8        -       0x00008e53   Zero   RW         2395    .bss                memp.o
    0x2000f13b   COMPRESSED   0x00000001   PAD
    0x2000f13c        -       0x00000010   Zero   RW         2568    .bss                tcp_in.o
    0x2000f14c        -       0x00000010   Zero   RW         2793    .bss                ip_addr.o
    0x2000f15c        -       0x000000f8   Zero   RW         2852    .bss                lwip_comm.o
    0x2000f254        -       0x00000060   Zero   RW         3153    .bss                c_w.l(libspace.o)
    0x2000f2b4   COMPRESSED   0x00000004   PAD
    0x2000f2b8        -       0x00009000   Zero   RW         1061    HEAP                startup_stm32f40_41xxx.o
    0x200182b8        -       0x00001000   Zero   RW         1060    STACK               startup_stm32f40_41xxx.o



  Load Region LR$$.ARM.__AT_0x10000000 (Base: 0x10000000, Size: 0x00000000, Max: 0x00008000, ABSOLUTE)

    Execution Region ER$$.ARM.__AT_0x10000000 (Exec base: 0x10000000, Load base: 0x10000000, Size: 0x00008000, Max: 0x00008000, ABSOLUTE, UNINIT)

    Exec Addr    Load Addr    Size         Type   Attr      Idx    E Section Name        Object

    0x10000000        -       0x00008000   Zero   RW         1894    .ARM.__AT_0x10000000  malloc.o



  Load Region LR$$.ARM.__AT_0x10008000 (Base: 0x10008000, Size: 0x00000000, Max: 0x00007800, ABSOLUTE)

    Execution Region ER$$.ARM.__AT_0x10008000 (Exec base: 0x10008000, Load base: 0x10008000, Size: 0x00007800, Max: 0x00007800, ABSOLUTE, UNINIT)

    Exec Addr    Load Addr    Size         Type   Attr      Idx    E Section Name        Object

    0x10008000        -       0x00007800   Zero   RW         1895    .ARM.__AT_0x10008000  malloc.o


==============================================================================

Image component sizes


      Code (inc. data)   RO Data    RW Data    ZI Data      Debug   Object Name

       388          8          0          0          0       2086   74hc595.o
      1744         52          0          0          0      18169   api_lib.o
      3964         40          0          0          0      10391   api_msg.o
       132         14          0          0          0       1235   bsp.o
       636        130          0         27          0      30823   cdv_config.o
         0          0          0         20       1784       4158   cdv_define.o
        52          0          0          0          0        344   cpu_a.o
       680         14        256          4         16      14832   cpu_core.o
       172          4          0          0          0        814   dac.o
        62          0          0          0          0       1242   def.o
       528         38          0          8        160       4223   delay.o
       176          6          0          0          0       1276   dmax.o
      2340         22         12          1        200      10459   etharp.o
       688         42          0          0          0       2699   ethernetif.o
       188         10          0          0          0        782   exti.o
      1476         28          0          0          0       6036   flash.o
       524         48          0          0          0       2820   flash_if.o
      1948        308       2379         41          0      10638   httpserver.o
      2472        434        907         16          0       7543   iap.o
       496          8          0          0          0       2550   icmp.o
       546          0          0          0          0       3061   inet_chksum.o
        32          0          0          0          0       9785   init.o
      3056        136          0         16        360       6629   iox.o
       728         28          0         18          0       6163   ip.o
       696         12          8          0         16       9419   ip_addr.o
      1684         18          0          6          0       6632   ip_frag.o
      1884        126         15         28        188       5649   lan8720.o
       598          0          0          0          0       3984   lib_ascii.o
      2502         32          0          4       1096      22480   lib_mem.o
       544          0          0          0          0        492   lib_mem_a.o
      2344          4        148          0          0      13958   lib_str.o
      1812         74         86          0        104       4893   log.o
       744         72         10         12        248       3751   lwip_comm.o
      1212        232          0          0       2048     417534   main.o
      1968        156        544        481       1012      10400   mainuart.o
       584         20         36         36      63488       5560   malloc.o
       908         20          0         12      10048       3954   mem.o
       212         18         56          0      36435       3622   memp.o
       224         20          0          0          0       1941   misc.o
       400          0          0          0          0       7829   netbuf.o
       672         22          0          9          0       6677   netif.o
         2          0        164          0       3920      17860   os_cfg_app.o
      3120        192          0          0          0      11337   os_core.o
       152         32          0          0          0        412   os_cpu_a.o
       844         34          0          4          0       4069   os_cpu_c.o
       460         12          0          0          0       2655   os_mem.o
       552         14          0          0          0       2790   os_msg.o
      1772         70          0          0          0       4869   os_mutex.o
       124          4          0          8          0       1956   os_prio.o
      1632         42          0          0          0       5803   os_q.o
      1652         46          0          0          0       5839   os_sem.o
      4788        174          0          0          0      12967   os_task.o
      1156         74          0          0          0       3469   os_tick.o
      1116         54          0          0          0       3273   os_time.o
      1936        126          0          0          0       6509   os_tmr.o
         0          0          0         72       1296      16131   os_var.o
      1872          0          0          0          0       9273   pbuf.o
       432         14          0          4          0       3409   raw.o
       224          8          0          0          0        729   spi2.o
       612         66         10          7        256       2520   spi3.o
       208         26         14          0          0       1556   spix.o
        64         26        392          0      40960        868   startup_stm32f40_41xxx.o
      4180         96          0         16         12      21223   stm32f4x7_eth.o
       528          6          0          0          0       5165   stm32f4xx_dac.o
       936         32          0          0          0       6517   stm32f4xx_dma.o
       272         10          0          0          0       2411   stm32f4xx_exti.o
      1684         28          0          0          0       9542   stm32f4xx_flash.o
       660         44          0          0          0       4277   stm32f4xx_gpio.o
        96         20          0          0          0       1243   stm32f4xx_it.o
      1628         52          0         16          0      13168   stm32f4xx_rcc.o
      1152         36          0          0          0       7033   stm32f4xx_spi.o
       148         12          0          0          0       1889   stm32f4xx_syscfg.o
      3234         60          0          0          0      23136   stm32f4xx_tim.o
      1108         34          0          0          0       8008   stm32f4xx_usart.o
       896         84          4          0        172       8249   sys_arch.o
        16          0          0          0          0        476   sysdef.o
       528         46          0         20          0       1943   system_stm32f4xx.o
      3568        132        197         36          0      21659   tcp.o
      4768        230          0         32         16      14631   tcp_in.o
      3118          8          0          0          0       9691   tcp_out.o
      1712        234          0         34       1372      12938   tcp_server.o
       736         46          0          8         36       9956   tcpip.o
       320         22          0         16          0       1988   tim3.o
       552         28          0          8          0       3243   timers.o
       752         32          0          6          0       3553   uart1.o
       676         32          0          6          0       3450   uart2.o
       800         44          0         10         16       4049   uart3.o
       664         40          0         16         32       4029   uart4.o
       680         32          0         10          0       3556   uart5.o
       712         36          0         10          0       3670   uart6.o
      1100         80         58         72          0       4755   uartx.o
      1092         20          0          8          0       6950   udp.o

    ----------------------------------------------------------------------
    103064       4786       5340       1188     165296    1028225   Object Totals
         0          0         32          0          0          0   (incl. Generated)
        14          0         12         30          5          0   (incl. Padding)

    ----------------------------------------------------------------------

      Code (inc. data)   RO Data    RW Data    ZI Data      Debug   Library Member Name

        90          0          0          0          0          0   __dczerorl2.o
         8          0          0          0          0         68   __main.o
       312          4         17          0          0         92   __printf_flags_wp.o
        14          0          0          0          0         68   __printf_wp.o
         0          0          0          0          0          0   __rtentry.o
        12          0          0          0          0          0   __rtentry2.o
         6          0          0          0          0          0   __rtentry4.o
        52          8          0          0          0          0   __scatter.o
        28          0          0          0          0          0   __scatter_zi.o
        28          0          0          0          0         68   _chval.o
        44          0          0          0          0        108   _printf_char.o
        48          6          0          0          0         96   _printf_char_common.o
         6          0          0          0          0          0   _printf_d.o
       120         16          0          0          0         92   _printf_dec.o
        88          4         40          0          0         88   _printf_hex_int.o
       178          0          0          0          0         88   _printf_intcommon.o
        78          0          0          0          0        108   _printf_pad.o
         0          0          0          0          0          0   _printf_percent.o
         4          0          0          0          0          0   _printf_percent_end.o
         6          0          0          0          0          0   _printf_s.o
        82          0          0          0          0         80   _printf_str.o
         6          0          0          0          0          0   _printf_x.o
        10          0          0          0          0         68   _sputc.o
       158          0          0          0          0         92   _strtoul.o
        16          0          0          0          0         68   aeabi_memset.o
        26          0          0          0          0         80   atoi.o
        10          0          0          0          0         68   defsig_exit.o
        50          0          0          0          0         88   defsig_general.o
        80         58          0          0          0         76   defsig_rtmem_inner.o
        14          0          0          0          0         80   defsig_rtmem_outer.o
        18          0          0          0          0         80   exit.o
        94          0          0          0          0         80   h1_alloc.o
        52          0          0          0          0         68   h1_extend.o
        78          0          0          0          0         80   h1_free.o
        14          0          0          0          0         84   h1_init.o
         6          0          0          0          0        152   heapauxi.o
         4          0          0          0          0        136   hguard.o
         0          0          0          0          0          0   indicate_semi.o
       138          0          0          0          0        168   init_alloc.o
        44         10        272          0          0         76   lc_ctype_c.o
         2          0          0          0          0          0   libinit.o
        32          0          0          0          0          0   libinit2.o
         2          0          0          0          0          0   libshutdown.o
         2          0          0          0          0          0   libshutdown2.o
         8          4          0          0         96         68   libspace.o
       238          0          0          0          0        100   lludivv7m.o
         0          0          0          0          0          0   maybetermalloc1.o
        88          0          0          0          0         76   memcmp.o
        40          6          0          0          0         84   noretval__2sprintf.o
        16          4          0          0          0         76   rt_ctype_table.o
         8          4          0          0          0         68   rt_errno_addr_intlibspace.o
         8          4          0          0          0         68   rt_heap_descriptor_intlibspace.o
         8          4          0          0          0         68   rt_locale_intlibspace.o
        68          0          0          0          0         68   rt_memclr.o
        78          0          0          0          0         80   rt_memclr_w.o
       138          0          0          0          0         68   rt_memcpy_v6.o
       100          0          0          0          0         80   rt_memcpy_w.o
         2          0          0          0          0          0   rtexit.o
        10          0          0          0          0          0   rtexit2.o
        20          0          0          0          0         68   strchr.o
       128          0          0          0          0         68   strcmpv7m.o
        62          0          0          0          0         76   strlen.o
       150          0          0          0          0         80   strncmp.o
        36          0          0          0          0         80   strstr.o
       112          0          0          0          0         88   strtol.o
        12          4          0          0          0         68   sys_exit.o
        74          0          0          0          0         80   sys_stackheap_outer.o
        14          0          0          0          0         76   sys_wrch.o
         2          0          0          0          0         68   use_no_semi.o
        10          0          0          0          0        116   fpinit.o

    ----------------------------------------------------------------------
      3506        136        330          0        100       4272   Library Totals
        16          0          1          0          4          0   (incl. Padding)

    ----------------------------------------------------------------------

      Code (inc. data)   RO Data    RW Data    ZI Data      Debug   Library Name

      3480        136        329          0         96       4156   c_w.l
        10          0          0          0          0        116   fz_wm.l

    ----------------------------------------------------------------------
      3506        136        330          0        100       4272   Library Totals

    ----------------------------------------------------------------------

==============================================================================


      Code (inc. data)   RO Data    RW Data    ZI Data      Debug   

    106570       4922       5670       1188     165396    1010653   Grand Totals
    106570       4922       5670        348     165396    1010653   ELF Image Totals (compressed)
    106570       4922       5670        348          0          0   ROM Totals

==============================================================================

    Total RO  Size (Code + RO Data)               112240 ( 109.61kB)
    Total RW  Size (RW Data + ZI Data)            166584 ( 162.68kB)
    Total ROM Size (Code + RO Data + RW Data)     112588 ( 109.95kB)

==============================================================================

